2026-09-14 08:51:23.182: [INFO] CurrentProfilePath: E:\Apps\Utilities\Rune\bin\Debug\net8.0-windows\Rune.exe.WebView2\EBWebView\Default
2026-09-14 08:51:23.182: [INFO] Profiles total count: 1
2026-09-14 08:51:23.182: [INFO] Profile: name=Профіль 1 path=E:\Apps\Utilities\Rune\bin\Debug\net8.0-windows\Rune.exe.WebView2\EBWebView\Default lastActive=null
2026-09-14 08:51:23.182: [INFO] LastUsedProfileDir: E:\Apps\Utilities\Rune\bin\Debug\net8.0-windows\Rune.exe.WebView2\EBWebView\Default
2026-09-14 08:51:23.182: [INFO] OnDoneLoading sync enabled: 0
2026-09-14 08:51:23.182: [INFO] BookmarkModelLoaded, ids_reassigned: 0
2026-09-14 08:51:23.182: [INFO] BookmarksLoadDropped droppedNodes=0
2026-09-14 08:51:23.182: [INFO] BookmarksSnapshot Startup total=0 bar=0 other=0 mobile=0 showBar=0 showBarNTP=1
2026-09-14 08:52:38.133: [INFO] BookmarksSnapshot Shutdown total=0 bar=0 other=0 mobile=0 showBar=0 showBarNTP=1
2026-09-14 08:53:30.877: [INFO] CurrentProfilePath: E:\Apps\Utilities\Rune\bin\Debug\net8.0-windows\Rune.exe.WebView2\EBWebView\Default
2026-09-14 08:53:30.877: [INFO] Profiles total count: 1
2026-09-14 08:53:30.878: [INFO] Profile: name=Профіль 1 path=E:\Apps\Utilities\Rune\bin\Debug\net8.0-windows\Rune.exe.WebView2\EBWebView\Default lastActive=2026-09-14T08:52:13.681Z
2026-09-14 08:53:30.878: [INFO] LastUsedProfileDir: E:\Apps\Utilities\Rune\bin\Debug\net8.0-windows\Rune.exe.WebView2\EBWebView\Default
2026-09-14 08:53:30.878: [INFO] MostRecentlyActiveProfile: name=Профіль 1 path=E:\Apps\Utilities\Rune\bin\Debug\net8.0-windows\Rune.exe.WebView2\EBWebView\Default lastActive=2026-09-14T08:52:13.681Z
2026-09-14 08:53:30.878: [INFO] OnDoneLoading sync enabled: 0
2026-09-14 08:53:30.878: [INFO] BookmarkModelLoaded, ids_reassigned: 0
2026-09-14 08:53:30.878: [INFO] BookmarksLoadDropped droppedNodes=0
2026-09-14 08:53:30.878: [INFO] BookmarksSnapshot Startup total=0 bar=0 other=0 mobile=0 showBar=0 showBarNTP=1
2026-09-14 08:55:17.615: [INFO] BookmarksSnapshot Shutdown total=0 bar=0 other=0 mobile=0 showBar=0 showBarNTP=1
2026-09-14 08:59:20.677: [INFO] CurrentProfilePath: E:\Apps\Utilities\Rune\bin\Debug\net8.0-windows\Rune.exe.WebView2\EBWebView\Default
2026-09-14 08:59:20.677: [INFO] Profiles total count: 1
2026-09-14 08:59:20.677: [INFO] Profile: name=Профіль 1 path=E:\Apps\Utilities\Rune\bin\Debug\net8.0-windows\Rune.exe.WebView2\EBWebView\Default lastActive=2026-09-14T08:54:44.005Z
2026-09-14 08:59:20.677: [INFO] LastUsedProfileDir: E:\Apps\Utilities\Rune\bin\Debug\net8.0-windows\Rune.exe.WebView2\EBWebView\Default
2026-09-14 08:59:20.677: [INFO] MostRecentlyActiveProfile: name=Профіль 1 path=E:\Apps\Utilities\Rune\bin\Debug\net8.0-windows\Rune.exe.WebView2\EBWebView\Default lastActive=2026-09-14T08:54:44.005Z
2026-09-14 08:59:20.677: [INFO] OnDoneLoading sync enabled: 0
2026-09-14 08:59:20.677: [INFO] BookmarkModelLoaded, ids_reassigned: 0
2026-09-14 08:59:20.677: [INFO] BookmarksLoadDropped droppedNodes=0
2026-09-14 08:59:20.677: [INFO] BookmarksSnapshot Startup total=0 bar=0 other=0 mobile=0 showBar=0 showBarNTP=1
2026-09-14 09:01:26.436: [INFO] BookmarksSnapshot Shutdown total=0 bar=0 other=0 mobile=0 showBar=0 showBarNTP=1
2026-09-14 09:38:38.082: [INFO] CurrentProfilePath: E:\Apps\Utilities\Rune\bin\Debug\net8.0-windows\Rune.exe.WebView2\EBWebView\Default
2026-09-14 09:38:38.082: [INFO] Profiles total count: 1
2026-09-14 09:38:38.083: [INFO] Profile: name=Профіль 1 path=E:\Apps\Utilities\Rune\bin\Debug\net8.0-windows\Rune.exe.WebView2\EBWebView\Default lastActive=2026-09-14T08:59:41.120Z
2026-09-14 09:38:38.083: [INFO] LastUsedProfileDir: E:\Apps\Utilities\Rune\bin\Debug\net8.0-windows\Rune.exe.WebView2\EBWebView\Default
2026-09-14 09:38:38.083: [INFO] MostRecentlyActiveProfile: name=Профіль 1 path=E:\Apps\Utilities\Rune\bin\Debug\net8.0-windows\Rune.exe.WebView2\EBWebView\Default lastActive=2026-09-14T08:59:41.120Z
2026-09-14 09:38:38.083: [INFO] OnDoneLoading sync enabled: 0
2026-09-14 09:38:38.083: [INFO] BookmarkModelLoaded, ids_reassigned: 0
2026-09-14 09:38:38.083: [INFO] BookmarksLoadDropped droppedNodes=0
2026-09-14 09:38:38.083: [INFO] BookmarksSnapshot Startup total=0 bar=0 other=0 mobile=0 showBar=0 showBarNTP=1
2026-09-14 09:41:06.034: [INFO] BookmarksSnapshot Shutdown total=0 bar=0 other=0 mobile=0 showBar=0 showBarNTP=1
2026-09-14 09:43:12.651: [INFO] CurrentProfilePath: E:\Apps\Utilities\Rune\bin\Debug\net8.0-windows\Rune.exe.WebView2\EBWebView\Default
2026-09-14 09:43:12.651: [INFO] Profiles total count: 1
2026-09-14 09:43:12.651: [INFO] Profile: name=Профіль 1 path=E:\Apps\Utilities\Rune\bin\Debug\net8.0-windows\Rune.exe.WebView2\EBWebView\Default lastActive=2026-09-14T09:40:46.606Z
2026-09-14 09:43:12.651: [INFO] LastUsedProfileDir: E:\Apps\Utilities\Rune\bin\Debug\net8.0-windows\Rune.exe.WebView2\EBWebView\Default
2026-09-14 09:43:12.651: [INFO] MostRecentlyActiveProfile: name=Профіль 1 path=E:\Apps\Utilities\Rune\bin\Debug\net8.0-windows\Rune.exe.WebView2\EBWebView\Default lastActive=2026-09-14T09:40:46.606Z
2026-09-14 09:43:12.651: [INFO] OnDoneLoading sync enabled: 0
2026-09-14 09:43:12.651: [INFO] BookmarkModelLoaded, ids_reassigned: 0
2026-09-14 09:43:12.651: [INFO] BookmarksLoadDropped droppedNodes=0
2026-09-14 09:43:12.651: [INFO] BookmarksSnapshot Startup total=0 bar=0 other=0 mobile=0 showBar=0 showBarNTP=1
2026-09-14 09:44:58.854: [INFO] BookmarksSnapshot Shutdown total=0 bar=0 other=0 mobile=0 showBar=0 showBarNTP=1
2026-09-14 09:45:09.734: [INFO] CurrentProfilePath: E:\Apps\Utilities\Rune\bin\Debug\net8.0-windows\Rune.exe.WebView2\EBWebView\Default
2026-09-14 09:45:09.734: [INFO] Profiles total count: 1
2026-09-14 09:45:09.734: [INFO] Profile: name=Профіль 1 path=E:\Apps\Utilities\Rune\bin\Debug\net8.0-windows\Rune.exe.WebView2\EBWebView\Default lastActive=2026-09-14T09:44:54.349Z
2026-09-14 09:45:09.734: [INFO] LastUsedProfileDir: E:\Apps\Utilities\Rune\bin\Debug\net8.0-windows\Rune.exe.WebView2\EBWebView\Default
2026-09-14 09:45:09.734: [INFO] MostRecentlyActiveProfile: name=Профіль 1 path=E:\Apps\Utilities\Rune\bin\Debug\net8.0-windows\Rune.exe.WebView2\EBWebView\Default lastActive=2026-09-14T09:44:54.349Z
2026-09-14 09:45:09.734: [INFO] OnDoneLoading sync enabled: 0
2026-09-14 09:45:09.734: [INFO] BookmarkModelLoaded, ids_reassigned: 0
2026-09-14 09:45:09.734: [INFO] BookmarksLoadDropped droppedNodes=0
2026-09-14 09:45:09.734: [INFO] BookmarksSnapshot Startup total=0 bar=0 other=0 mobile=0 showBar=0 showBarNTP=1
2026-09-14 09:46:54.309: [INFO] BookmarksSnapshot Shutdown total=0 bar=0 other=0 mobile=0 showBar=0 showBarNTP=1
2026-09-14 09:50:33.118: [INFO] CurrentProfilePath: E:\Apps\Utilities\Rune\bin\Debug\net8.0-windows\Rune.exe.WebView2\EBWebView\Default
2026-09-14 09:50:33.118: [INFO] Profiles total count: 1
2026-09-14 09:50:33.118: [INFO] Profile: name=Профіль 1 path=E:\Apps\Utilities\Rune\bin\Debug\net8.0-windows\Rune.exe.WebView2\EBWebView\Default lastActive=2026-09-14T09:46:51.265Z
2026-09-14 09:50:33.118: [INFO] LastUsedProfileDir: E:\Apps\Utilities\Rune\bin\Debug\net8.0-windows\Rune.exe.WebView2\EBWebView\Default
2026-09-14 09:50:33.118: [INFO] MostRecentlyActiveProfile: name=Профіль 1 path=E:\Apps\Utilities\Rune\bin\Debug\net8.0-windows\Rune.exe.WebView2\EBWebView\Default lastActive=2026-09-14T09:46:51.265Z
2026-09-14 09:50:33.118: [INFO] OnDoneLoading sync enabled: 0
2026-09-14 09:50:33.118: [INFO] BookmarkModelLoaded, ids_reassigned: 0
2026-09-14 09:50:33.118: [INFO] BookmarksLoadDropped droppedNodes=0
2026-09-14 09:50:33.118: [INFO] BookmarksSnapshot Startup total=0 bar=0 other=0 mobile=0 showBar=0 showBarNTP=1
2026-09-14 09:51:21.843: [INFO] BookmarksSnapshot Shutdown total=0 bar=0 other=0 mobile=0 showBar=0 showBarNTP=1
2026-09-14 09:52:45.539: [INFO] CurrentProfilePath: E:\Apps\Utilities\Rune\bin\Debug\net8.0-windows\Rune.exe.WebView2\EBWebView\Default
2026-09-14 09:52:45.539: [INFO] Profiles total count: 1
2026-09-14 09:52:45.539: [INFO] Profile: name=Профіль 1 path=E:\Apps\Utilities\Rune\bin\Debug\net8.0-windows\Rune.exe.WebView2\EBWebView\Default lastActive=2026-09-14T09:51:21.769Z
2026-09-14 09:52:45.539: [INFO] LastUsedProfileDir: E:\Apps\Utilities\Rune\bin\Debug\net8.0-windows\Rune.exe.WebView2\EBWebView\Default
2026-09-14 09:52:45.539: [INFO] MostRecentlyActiveProfile: name=Профіль 1 path=E:\Apps\Utilities\Rune\bin\Debug\net8.0-windows\Rune.exe.WebView2\EBWebView\Default lastActive=2026-09-14T09:51:21.769Z
2026-09-14 09:52:45.539: [INFO] OnDoneLoading sync enabled: 0
2026-09-14 09:52:45.539: [INFO] BookmarkModelLoaded, ids_reassigned: 0
2026-09-14 09:52:45.539: [INFO] BookmarksLoadDropped droppedNodes=0
2026-09-14 09:52:45.539: [INFO] BookmarksSnapshot Startup total=0 bar=0 other=0 mobile=0 showBar=0 showBarNTP=1
2026-09-14 09:54:11.972: [INFO] BookmarksSnapshot Shutdown total=0 bar=0 other=0 mobile=0 showBar=0 showBarNTP=1
2026-09-14 09:55:21.731: [INFO] CurrentProfilePath: E:\Apps\Utilities\Rune\bin\Debug\net8.0-windows\Rune.exe.WebView2\EBWebView\Default
2026-09-14 09:55:21.731: [INFO] Profiles total count: 1
2026-09-14 09:55:21.732: [INFO] Profile: name=Профіль 1 path=E:\Apps\Utilities\Rune\bin\Debug\net8.0-windows\Rune.exe.WebView2\EBWebView\Default lastActive=2026-09-14T09:54:11.890Z
2026-09-14 09:55:21.732: [INFO] LastUsedProfileDir: E:\Apps\Utilities\Rune\bin\Debug\net8.0-windows\Rune.exe.WebView2\EBWebView\Default
2026-09-14 09:55:21.732: [INFO] MostRecentlyActiveProfile: name=Профіль 1 path=E:\Apps\Utilities\Rune\bin\Debug\net8.0-windows\Rune.exe.WebView2\EBWebView\Default lastActive=2026-09-14T09:54:11.890Z
2026-09-14 09:55:21.732: [INFO] OnDoneLoading sync enabled: 0
2026-09-14 09:55:21.732: [INFO] BookmarkModelLoaded, ids_reassigned: 0
2026-09-14 09:55:21.732: [INFO] BookmarksLoadDropped droppedNodes=0
2026-09-14 09:55:21.732: [INFO] BookmarksSnapshot Startup total=0 bar=0 other=0 mobile=0 showBar=0 showBarNTP=1
2026-09-14 09:56:21.767: [INFO] BookmarksSnapshot Shutdown total=0 bar=0 other=0 mobile=0 showBar=0 showBarNTP=1
2026-09-14 09:57:43.595: [INFO] CurrentProfilePath: E:\Apps\Utilities\Rune\bin\Debug\net8.0-windows\Rune.exe.WebView2\EBWebView\Default
2026-09-14 09:57:43.595: [INFO] Profiles total count: 1
2026-09-14 09:57:43.595: [INFO] Profile: name=Профіль 1 path=E:\Apps\Utilities\Rune\bin\Debug\net8.0-windows\Rune.exe.WebView2\EBWebView\Default lastActive=2026-09-14T09:56:21.664Z
2026-09-14 09:57:43.595: [INFO] LastUsedProfileDir: E:\Apps\Utilities\Rune\bin\Debug\net8.0-windows\Rune.exe.WebView2\EBWebView\Default
2026-09-14 09:57:43.595: [INFO] MostRecentlyActiveProfile: name=Профіль 1 path=E:\Apps\Utilities\Rune\bin\Debug\net8.0-windows\Rune.exe.WebView2\EBWebView\Default lastActive=2026-09-14T09:56:21.664Z
2026-09-14 09:57:43.595: [INFO] OnDoneLoading sync enabled: 0
2026-09-14 09:57:43.595: [INFO] BookmarkModelLoaded, ids_reassigned: 0
2026-09-14 09:57:43.595: [INFO] BookmarksLoadDropped droppedNodes=0
2026-09-14 09:57:43.595: [INFO] BookmarksSnapshot Startup total=0 bar=0 other=0 mobile=0 showBar=0 showBarNTP=1
2026-09-14 09:57:46.713: [INFO] BookmarksSnapshot Shutdown total=0 bar=0 other=0 mobile=0 showBar=0 showBarNTP=1
2026-09-14 09:57:58.008: [INFO] CurrentProfilePath: E:\Apps\Utilities\Rune\bin\Debug\net8.0-windows\Rune.exe.WebView2\EBWebView\Default
2026-09-14 09:57:58.008: [INFO] Profiles total count: 1
2026-09-14 09:57:58.008: [INFO] Profile: name=Профіль 1 path=E:\Apps\Utilities\Rune\bin\Debug\net8.0-windows\Rune.exe.WebView2\EBWebView\Default lastActive=2026-09-14T09:57:46.634Z
2026-09-14 09:57:58.008: [INFO] LastUsedProfileDir: E:\Apps\Utilities\Rune\bin\Debug\net8.0-windows\Rune.exe.WebView2\EBWebView\Default
2026-09-14 09:57:58.008: [INFO] MostRecentlyActiveProfile: name=Профіль 1 path=E:\Apps\Utilities\Rune\bin\Debug\net8.0-windows\Rune.exe.WebView2\EBWebView\Default lastActive=2026-09-14T09:57:46.634Z
2026-09-14 09:57:58.008: [INFO] OnDoneLoading sync enabled: 0
2026-09-14 09:57:58.008: [INFO] BookmarkModelLoaded, ids_reassigned: 0
2026-09-14 09:57:58.008: [INFO] BookmarksLoadDropped droppedNodes=0
2026-09-14 09:57:58.008: [INFO] BookmarksSnapshot Startup total=0 bar=0 other=0 mobile=0 showBar=0 showBarNTP=1
2026-09-14 10:01:47.758: [INFO] BookmarksSnapshot Shutdown total=0 bar=0 other=0 mobile=0 showBar=0 showBarNTP=1
2026-09-14 10:01:57.710: [INFO] CurrentProfilePath: E:\Apps\Utilities\Rune\bin\Debug\net8.0-windows\Rune.exe.WebView2\EBWebView\Default
2026-09-14 10:01:57.710: [INFO] Profiles total count: 1
2026-09-14 10:01:57.711: [INFO] Profile: name=Профіль 1 path=E:\Apps\Utilities\Rune\bin\Debug\net8.0-windows\Rune.exe.WebView2\EBWebView\Default lastActive=2026-09-14T10:01:47.645Z
2026-09-14 10:01:57.711: [INFO] LastUsedProfileDir: E:\Apps\Utilities\Rune\bin\Debug\net8.0-windows\Rune.exe.WebView2\EBWebView\Default
2026-09-14 10:01:57.711: [INFO] MostRecentlyActiveProfile: name=Профіль 1 path=E:\Apps\Utilities\Rune\bin\Debug\net8.0-windows\Rune.exe.WebView2\EBWebView\Default lastActive=2026-09-14T10:01:47.645Z
2026-09-14 10:01:57.711: [INFO] OnDoneLoading sync enabled: 0
2026-09-14 10:01:57.711: [INFO] BookmarkModelLoaded, ids_reassigned: 0
2026-09-14 10:01:57.711: [INFO] BookmarksLoadDropped droppedNodes=0
2026-09-14 10:01:57.711: [INFO] BookmarksSnapshot Startup total=0 bar=0 other=0 mobile=0 showBar=0 showBarNTP=1
2026-09-14 10:04:34.714: [INFO] BookmarksSnapshot Shutdown total=0 bar=0 other=0 mobile=0 showBar=0 showBarNTP=1
2026-09-14 10:05:32.997: [INFO] CurrentProfilePath: E:\Apps\Utilities\Rune\bin\Debug\net8.0-windows\Rune.exe.WebView2\EBWebView\Default
2026-09-14 10:05:32.997: [INFO] Profiles total count: 1
2026-09-14 10:05:32.997: [INFO] Profile: name=Профіль 1 path=E:\Apps\Utilities\Rune\bin\Debug\net8.0-windows\Rune.exe.WebView2\EBWebView\Default lastActive=2026-09-14T10:04:34.621Z
2026-09-14 10:05:32.997: [INFO] LastUsedProfileDir: E:\Apps\Utilities\Rune\bin\Debug\net8.0-windows\Rune.exe.WebView2\EBWebView\Default
2026-09-14 10:05:32.997: [INFO] MostRecentlyActiveProfile: name=Профіль 1 path=E:\Apps\Utilities\Rune\bin\Debug\net8.0-windows\Rune.exe.WebView2\EBWebView\Default lastActive=2026-09-14T10:04:34.621Z
2026-09-14 10:05:32.997: [INFO] OnDoneLoading sync enabled: 0
2026-09-14 10:05:32.997: [INFO] BookmarkModelLoaded, ids_reassigned: 0
2026-09-14 10:05:32.997: [INFO] BookmarksLoadDropped droppedNodes=0
2026-09-14 10:05:32.997: [INFO] BookmarksSnapshot Startup total=0 bar=0 other=0 mobile=0 showBar=0 showBarNTP=1
2026-09-14 10:12:11.702: [INFO] BookmarksSnapshot Shutdown total=0 bar=0 other=0 mobile=0 showBar=0 showBarNTP=1
2026-09-15 11:52:48.719: [INFO] CurrentProfilePath: D:\Apps\Utilities\Rune\bin\Debug\net8.0-windows\Rune.exe.WebView2\EBWebView\Default
2026-09-15 11:52:48.719: [INFO] Profiles total count: 1
2026-09-15 11:52:48.722: [INFO] Profile: name=Профіль 1 path=D:\Apps\Utilities\Rune\bin\Debug\net8.0-windows\Rune.exe.WebView2\EBWebView\Default lastActive=2026-09-14T10:12:11.603Z
2026-09-15 11:52:48.722: [INFO] LastUsedProfileDir: D:\Apps\Utilities\Rune\bin\Debug\net8.0-windows\Rune.exe.WebView2\EBWebView\Default
2026-09-15 11:52:48.722: [INFO] MostRecentlyActiveProfile: name=Профіль 1 path=D:\Apps\Utilities\Rune\bin\Debug\net8.0-windows\Rune.exe.WebView2\EBWebView\Default lastActive=2026-09-14T10:12:11.603Z
2026-09-15 11:52:48.722: [INFO] OnDoneLoading sync enabled: 0
2026-09-15 11:52:48.722: [INFO] BookmarkModelLoaded, ids_reassigned: 0
2026-09-15 11:52:48.722: [INFO] BookmarksLoadDropped droppedNodes=0
2026-09-15 11:52:48.722: [INFO] BookmarksSnapshot Startup total=0 bar=0 other=0 mobile=0 showBar=0 showBarNTP=1
2026-09-15 11:55:43.160: [INFO] BookmarksSnapshot Shutdown total=0 bar=0 other=0 mobile=0 showBar=0 showBarNTP=1
2026-09-22 08:35:30.639: [INFO] CurrentProfilePath: D:\Apps\Utilities\Rune\bin\Debug\net8.0-windows\Rune.exe.WebView2\EBWebView\Default
2026-09-22 08:35:30.639: [INFO] Profiles total count: 1
2026-09-22 08:35:30.640: [INFO] Profile: name=Профіль 1 path=D:\Apps\Utilities\Rune\bin\Debug\net8.0-windows\Rune.exe.WebView2\EBWebView\Default lastActive=2026-09-15T11:55:42.817Z
2026-09-22 08:35:30.640: [INFO] LastUsedProfileDir: D:\Apps\Utilities\Rune\bin\Debug\net8.0-windows\Rune.exe.WebView2\EBWebView\Default
2026-09-22 08:35:30.640: [INFO] MostRecentlyActiveProfile: name=Профіль 1 path=D:\Apps\Utilities\Rune\bin\Debug\net8.0-windows\Rune.exe.WebView2\EBWebView\Default lastActive=2026-09-15T11:55:42.817Z
2026-09-22 08:35:30.640: [INFO] OnDoneLoading sync enabled: 0
2026-09-22 08:35:30.640: [INFO] BookmarkModelLoaded, ids_reassigned: 0
2026-09-22 08:35:30.640: [INFO] BookmarksLoadDropped droppedNodes=0
2026-09-22 08:35:30.640: [INFO] BookmarksSnapshot Startup total=0 bar=0 other=0 mobile=0 showBar=0 showBarNTP=1
2026-09-22 08:46:08.970: [INFO] BookmarksSnapshot Shutdown total=0 bar=0 other=0 mobile=0 showBar=0 showBarNTP=1
2026-09-22 08:46:20.780: [INFO] CurrentProfilePath: D:\Apps\Utilities\Rune\bin\Debug\net8.0-windows\Rune.exe.WebView2\EBWebView\Default
2026-09-22 08:46:20.780: [INFO] Profiles total count: 1
2026-09-22 08:46:20.781: [INFO] Profile: name=Профіль 1 path=D:\Apps\Utilities\Rune\bin\Debug\net8.0-windows\Rune.exe.WebView2\EBWebView\Default lastActive=2026-09-22T08:39:20.218Z
2026-09-22 08:46:20.781: [INFO] LastUsedProfileDir: D:\Apps\Utilities\Rune\bin\Debug\net8.0-windows\Rune.exe.WebView2\EBWebView\Default
2026-09-22 08:46:20.781: [INFO] MostRecentlyActiveProfile: name=Профіль 1 path=D:\Apps\Utilities\Rune\bin\Debug\net8.0-windows\Rune.exe.WebView2\EBWebView\Default lastActive=2026-09-22T08:39:20.218Z
2026-09-22 08:46:20.781: [INFO] OnDoneLoading sync enabled: 0
2026-09-22 08:46:20.781: [INFO] BookmarkModelLoaded, ids_reassigned: 0
2026-09-22 08:46:20.781: [INFO] BookmarksLoadDropped droppedNodes=0
2026-09-22 08:46:20.781: [INFO] BookmarksSnapshot Startup total=0 bar=0 other=0 mobile=0 showBar=0 showBarNTP=1
2026-09-22 08:53:39.501: [INFO] BookmarksSnapshot Shutdown total=0 bar=0 other=0 mobile=0 showBar=0 showBarNTP=1
2026-09-22 09:29:28.359: [INFO] CurrentProfilePath: D:\Apps\Utilities\Rune\bin\Debug\net8.0-windows\Rune.exe.WebView2\EBWebView\Default
2026-09-22 09:29:28.359: [INFO] Profiles total count: 1
2026-09-22 09:29:28.360: [INFO] Profile: name=Профіль 1 path=D:\Apps\Utilities\Rune\bin\Debug\net8.0-windows\Rune.exe.WebView2\EBWebView\Default lastActive=2026-09-22T08:46:35.745Z
2026-09-22 09:29:28.360: [INFO] LastUsedProfileDir: D:\Apps\Utilities\Rune\bin\Debug\net8.0-windows\Rune.exe.WebView2\EBWebView\Default
2026-09-22 09:29:28.360: [INFO] MostRecentlyActiveProfile: name=Профіль 1 path=D:\Apps\Utilities\Rune\bin\Debug\net8.0-windows\Rune.exe.WebView2\EBWebView\Default lastActive=2026-09-22T08:46:35.745Z
2026-09-22 09:29:28.360: [INFO] OnDoneLoading sync enabled: 0
2026-09-22 09:29:28.360: [INFO] BookmarkModelLoaded, ids_reassigned: 0
2026-09-22 09:29:28.360: [INFO] BookmarksLoadDropped droppedNodes=0
2026-09-22 09:29:28.360: [INFO] BookmarksSnapshot Startup total=0 bar=0 other=0 mobile=0 showBar=0 showBarNTP=1
2026-09-22 09:39:22.034: [INFO] BookmarksSnapshot Shutdown total=0 bar=0 other=0 mobile=0 showBar=0 showBarNTP=1
2026-09-22 09:39:45.614: [INFO] CurrentProfilePath: D:\Apps\Utilities\Rune\bin\Debug\net8.0-windows\Rune.exe.WebView2\EBWebView\Default
2026-09-22 09:39:45.614: [INFO] Profiles total count: 1
2026-09-22 09:39:45.614: [INFO] Profile: name=Профіль 1 path=D:\Apps\Utilities\Rune\bin\Debug\net8.0-windows\Rune.exe.WebView2\EBWebView\Default lastActive=2026-09-22T09:38:16.237Z
2026-09-22 09:39:45.614: [INFO] LastUsedProfileDir: D:\Apps\Utilities\Rune\bin\Debug\net8.0-windows\Rune.exe.WebView2\EBWebView\Default
2026-09-22 09:39:45.614: [INFO] MostRecentlyActiveProfile: name=Профіль 1 path=D:\Apps\Utilities\Rune\bin\Debug\net8.0-windows\Rune.exe.WebView2\EBWebView\Default lastActive=2026-09-22T09:38:16.237Z
2026-09-22 09:39:45.614: [INFO] OnDoneLoading sync enabled: 0
2026-09-22 09:39:45.614: [INFO] BookmarkModelLoaded, ids_reassigned: 0
2026-09-22 09:39:45.614: [INFO] BookmarksLoadDropped droppedNodes=0
2026-09-22 09:39:45.614: [INFO] BookmarksSnapshot Startup total=0 bar=0 other=0 mobile=0 showBar=0 showBarNTP=1
2026-09-22 09:47:35.250: [INFO] BookmarksSnapshot Shutdown total=0 bar=0 other=0 mobile=0 showBar=0 showBarNTP=1
2026-09-22 09:50:16.243: [INFO] CurrentProfilePath: D:\Apps\Utilities\Rune\bin\Debug\net8.0-windows\Rune.exe.WebView2\EBWebView\Default
2026-09-22 09:50:16.243: [INFO] Profiles total count: 1
2026-09-22 09:50:16.244: [INFO] Profile: name=Профіль 1 path=D:\Apps\Utilities\Rune\bin\Debug\net8.0-windows\Rune.exe.WebView2\EBWebView\Default lastActive=2026-09-22T09:47:34.878Z
2026-09-22 09:50:16.244: [INFO] LastUsedProfileDir: D:\Apps\Utilities\Rune\bin\Debug\net8.0-windows\Rune.exe.WebView2\EBWebView\Default
2026-09-22 09:50:16.244: [INFO] MostRecentlyActiveProfile: name=Профіль 1 path=D:\Apps\Utilities\Rune\bin\Debug\net8.0-windows\Rune.exe.WebView2\EBWebView\Default lastActive=2026-09-22T09:47:34.878Z
2026-09-22 09:50:16.245: [INFO] OnDoneLoading sync enabled: 0
2026-09-22 09:50:16.245: [INFO] BookmarkModelLoaded, ids_reassigned: 0
2026-09-22 09:50:16.245: [INFO] BookmarksLoadDropped droppedNodes=0
2026-09-22 09:50:16.245: [INFO] BookmarksSnapshot Startup total=0 bar=0 other=0 mobile=0 showBar=0 showBarNTP=1
2026-09-22 09:53:00.655: [INFO] BookmarksSnapshot Shutdown total=0 bar=0 other=0 mobile=0 showBar=0 showBarNTP=1
2026-09-22 09:57:15.899: [INFO] CurrentProfilePath: D:\Apps\Utilities\Rune\bin\Debug\net8.0-windows\Rune.exe.WebView2\EBWebView\Default
2026-09-22 09:57:15.899: [INFO] Profiles total count: 1
2026-09-22 09:57:15.900: [INFO] Profile: name=Профіль 1 path=D:\Apps\Utilities\Rune\bin\Debug\net8.0-windows\Rune.exe.WebView2\EBWebView\Default lastActive=2026-09-22T09:50:46.418Z
2026-09-22 09:57:15.900: [INFO] LastUsedProfileDir: D:\Apps\Utilities\Rune\bin\Debug\net8.0-windows\Rune.exe.WebView2\EBWebView\Default
2026-09-22 09:57:15.900: [INFO] MostRecentlyActiveProfile: name=Профіль 1 path=D:\Apps\Utilities\Rune\bin\Debug\net8.0-windows\Rune.exe.WebView2\EBWebView\Default lastActive=2026-09-22T09:50:46.418Z
2026-09-22 09:57:15.900: [INFO] OnDoneLoading sync enabled: 0
2026-09-22 09:57:15.900: [INFO] BookmarkModelLoaded, ids_reassigned: 0
2026-09-22 09:57:15.900: [INFO] BookmarksLoadDropped droppedNodes=0
2026-09-22 09:57:15.900: [INFO] BookmarksSnapshot Startup total=0 bar=0 other=0 mobile=0 showBar=0 showBarNTP=1
2026-09-22 10:02:19.477: [INFO] BookmarksSnapshot Shutdown total=0 bar=0 other=0 mobile=0 showBar=0 showBarNTP=1
2026-09-22 10:05:28.755: [INFO] CurrentProfilePath: D:\Apps\Utilities\Rune\bin\Debug\net8.0-windows\Rune.exe.WebView2\EBWebView\Default
2026-09-22 10:05:28.755: [INFO] Profiles total count: 1
2026-09-22 10:05:28.755: [INFO] Profile: name=Профіль 1 path=D:\Apps\Utilities\Rune\bin\Debug\net8.0-windows\Rune.exe.WebView2\EBWebView\Default lastActive=2026-09-22T10:02:19.280Z
2026-09-22 10:05:28.755: [INFO] LastUsedProfileDir: D:\Apps\Utilities\Rune\bin\Debug\net8.0-windows\Rune.exe.WebView2\EBWebView\Default
2026-09-22 10:05:28.755: [INFO] MostRecentlyActiveProfile: name=Профіль 1 path=D:\Apps\Utilities\Rune\bin\Debug\net8.0-windows\Rune.exe.WebView2\EBWebView\Default lastActive=2026-09-22T10:02:19.280Z
2026-09-22 10:05:28.755: [INFO] OnDoneLoading sync enabled: 0
2026-09-22 10:05:28.755: [INFO] BookmarkModelLoaded, ids_reassigned: 0
2026-09-22 10:05:28.755: [INFO] BookmarksLoadDropped droppedNodes=0
2026-09-22 10:05:28.755: [INFO] BookmarksSnapshot Startup total=0 bar=0 other=0 mobile=0 showBar=0 showBarNTP=1
2026-09-22 10:15:10.394: [INFO] BookmarksSnapshot Shutdown total=0 bar=0 other=0 mobile=0 showBar=0 showBarNTP=1
2026-09-22 10:15:20.804: [INFO] CurrentProfilePath: D:\Apps\Utilities\Rune\bin\Debug\net8.0-windows\Rune.exe.WebView2\EBWebView\Default
2026-09-22 10:15:20.804: [INFO] Profiles total count: 1
2026-09-22 10:15:20.804: [INFO] Profile: name=Профіль 1 path=D:\Apps\Utilities\Rune\bin\Debug\net8.0-windows\Rune.exe.WebView2\EBWebView\Default lastActive=2026-09-22T10:12:06.317Z
2026-09-22 10:15:20.804: [INFO] LastUsedProfileDir: D:\Apps\Utilities\Rune\bin\Debug\net8.0-windows\Rune.exe.WebView2\EBWebView\Default
2026-09-22 10:15:20.804: [INFO] MostRecentlyActiveProfile: name=Профіль 1 path=D:\Apps\Utilities\Rune\bin\Debug\net8.0-windows\Rune.exe.WebView2\EBWebView\Default lastActive=2026-09-22T10:12:06.317Z
2026-09-22 10:15:20.804: [INFO] OnDoneLoading sync enabled: 0
2026-09-22 10:15:20.804: [INFO] BookmarkModelLoaded, ids_reassigned: 0
2026-09-22 10:15:20.804: [INFO] BookmarksLoadDropped droppedNodes=0
2026-09-22 10:15:20.804: [INFO] BookmarksSnapshot Startup total=0 bar=0 other=0 mobile=0 showBar=0 showBarNTP=1
2026-09-22 10:18:32.505: [INFO] BookmarksSnapshot Shutdown total=0 bar=0 other=0 mobile=0 showBar=0 showBarNTP=1
2026-09-22 10:24:42.161: [INFO] CurrentProfilePath: D:\Apps\Utilities\Rune\bin\Debug\net8.0-windows\Rune.exe.WebView2\EBWebView\Default
2026-09-22 10:24:42.161: [INFO] Profiles total count: 1
2026-09-22 10:24:42.161: [INFO] Profile: name=Профіль 1 path=D:\Apps\Utilities\Rune\bin\Debug\net8.0-windows\Rune.exe.WebView2\EBWebView\Default lastActive=2026-09-22T10:16:06.848Z
2026-09-22 10:24:42.161: [INFO] LastUsedProfileDir: D:\Apps\Utilities\Rune\bin\Debug\net8.0-windows\Rune.exe.WebView2\EBWebView\Default
2026-09-22 10:24:42.161: [INFO] MostRecentlyActiveProfile: name=Профіль 1 path=D:\Apps\Utilities\Rune\bin\Debug\net8.0-windows\Rune.exe.WebView2\EBWebView\Default lastActive=2026-09-22T10:16:06.848Z
2026-09-22 10:24:42.161: [INFO] OnDoneLoading sync enabled: 0
2026-09-22 10:24:42.161: [INFO] BookmarkModelLoaded, ids_reassigned: 0
2026-09-22 10:24:42.162: [INFO] BookmarksLoadDropped droppedNodes=0
2026-09-22 10:24:42.162: [INFO] BookmarksSnapshot Startup total=0 bar=0 other=0 mobile=0 showBar=0 showBarNTP=1
2026-09-22 10:26:06.563: [INFO] BookmarksSnapshot Shutdown total=0 bar=0 other=0 mobile=0 showBar=0 showBarNTP=1
2026-09-22 10:26:33.657: [INFO] CurrentProfilePath: D:\Apps\Utilities\Rune\bin\Debug\net8.0-windows\Rune.exe.WebView2\EBWebView\Default
2026-09-22 10:26:33.657: [INFO] Profiles total count: 1
2026-09-22 10:26:33.657: [INFO] Profile: name=Профіль 1 path=D:\Apps\Utilities\Rune\bin\Debug\net8.0-windows\Rune.exe.WebView2\EBWebView\Default lastActive=2026-09-22T10:25:26.229Z
2026-09-22 10:26:33.657: [INFO] LastUsedProfileDir: D:\Apps\Utilities\Rune\bin\Debug\net8.0-windows\Rune.exe.WebView2\EBWebView\Default
2026-09-22 10:26:33.657: [INFO] MostRecentlyActiveProfile: name=Профіль 1 path=D:\Apps\Utilities\Rune\bin\Debug\net8.0-windows\Rune.exe.WebView2\EBWebView\Default lastActive=2026-09-22T10:25:26.229Z
2026-09-22 10:26:33.657: [INFO] OnDoneLoading sync enabled: 0
2026-09-22 10:26:33.657: [INFO] BookmarkModelLoaded, ids_reassigned: 0
2026-09-22 10:26:33.657: [INFO] BookmarksLoadDropped droppedNodes=0
2026-09-22 10:26:33.657: [INFO] BookmarksSnapshot Startup total=0 bar=0 other=0 mobile=0 showBar=0 showBarNTP=1
2026-09-22 10:29:30.204: [INFO] CurrentProfilePath: D:\Apps\Utilities\Rune\bin\Debug\net8.0-windows\Rune.exe.WebView2\EBWebView\Default
2026-09-22 10:29:30.204: [INFO] Profiles total count: 1
2026-09-22 10:29:30.204: [INFO] Profile: name=Профіль 1 path=D:\Apps\Utilities\Rune\bin\Debug\net8.0-windows\Rune.exe.WebView2\EBWebView\Default lastActive=2026-09-22T10:27:32.348Z
2026-09-22 10:29:30.204: [INFO] LastUsedProfileDir: D:\Apps\Utilities\Rune\bin\Debug\net8.0-windows\Rune.exe.WebView2\EBWebView\Default
2026-09-22 10:29:30.204: [INFO] MostRecentlyActiveProfile: name=Профіль 1 path=D:\Apps\Utilities\Rune\bin\Debug\net8.0-windows\Rune.exe.WebView2\EBWebView\Default lastActive=2026-09-22T10:27:32.348Z
2026-09-22 10:29:30.204: [INFO] OnDoneLoading sync enabled: 0
2026-09-22 10:29:30.204: [INFO] BookmarkModelLoaded, ids_reassigned: 0
2026-09-22 10:29:30.204: [INFO] BookmarksLoadDropped droppedNodes=0
2026-09-22 10:29:30.204: [INFO] BookmarksSnapshot Startup total=0 bar=0 other=0 mobile=0 showBar=0 showBarNTP=1
2026-09-22 10:37:57.591: [INFO] BookmarksSnapshot Shutdown total=0 bar=0 other=0 mobile=0 showBar=0 showBarNTP=1
2026-09-22 10:38:05.687: [INFO] CurrentProfilePath: D:\Apps\Utilities\Rune\bin\Debug\net8.0-windows\Rune.exe.WebView2\EBWebView\Default
2026-09-22 10:38:05.687: [INFO] Profiles total count: 1
2026-09-22 10:38:05.687: [INFO] Profile: name=Профіль 1 path=D:\Apps\Utilities\Rune\bin\Debug\net8.0-windows\Rune.exe.WebView2\EBWebView\Default lastActive=2026-09-22T10:37:03.519Z
2026-09-22 10:38:05.687: [INFO] LastUsedProfileDir: D:\Apps\Utilities\Rune\bin\Debug\net8.0-windows\Rune.exe.WebView2\EBWebView\Default
2026-09-22 10:38:05.687: [INFO] MostRecentlyActiveProfile: name=Профіль 1 path=D:\Apps\Utilities\Rune\bin\Debug\net8.0-windows\Rune.exe.WebView2\EBWebView\Default lastActive=2026-09-22T10:37:03.519Z
2026-09-22 10:38:05.687: [INFO] OnDoneLoading sync enabled: 0
2026-09-22 10:38:05.687: [INFO] BookmarkModelLoaded, ids_reassigned: 0
2026-09-22 10:38:05.687: [INFO] BookmarksLoadDropped droppedNodes=0
2026-09-22 10:38:05.687: [INFO] BookmarksSnapshot Startup total=0 bar=0 other=0 mobile=0 showBar=0 showBarNTP=1
2026-09-22 10:40:52.462: [INFO] BookmarksSnapshot Shutdown total=0 bar=0 other=0 mobile=0 showBar=0 showBarNTP=1
2026-09-22 10:43:26.075: [INFO] CurrentProfilePath: D:\Apps\Utilities\Rune\bin\Debug\net8.0-windows\Rune.exe.WebView2\EBWebView\Default
2026-09-22 10:43:26.075: [INFO] Profiles total count: 1
2026-09-22 10:43:26.075: [INFO] Profile: name=Профіль 1 path=D:\Apps\Utilities\Rune\bin\Debug\net8.0-windows\Rune.exe.WebView2\EBWebView\Default lastActive=2026-09-22T10:39:30.855Z
2026-09-22 10:43:26.075: [INFO] LastUsedProfileDir: D:\Apps\Utilities\Rune\bin\Debug\net8.0-windows\Rune.exe.WebView2\EBWebView\Default
2026-09-22 10:43:26.075: [INFO] MostRecentlyActiveProfile: name=Профіль 1 path=D:\Apps\Utilities\Rune\bin\Debug\net8.0-windows\Rune.exe.WebView2\EBWebView\Default lastActive=2026-09-22T10:39:30.855Z
2026-09-22 10:43:26.075: [INFO] OnDoneLoading sync enabled: 0
2026-09-22 10:43:26.075: [INFO] BookmarkModelLoaded, ids_reassigned: 0
2026-09-22 10:43:26.075: [INFO] BookmarksLoadDropped droppedNodes=0
2026-09-22 10:43:26.075: [INFO] BookmarksSnapshot Startup total=0 bar=0 other=0 mobile=0 showBar=0 showBarNTP=1
2026-09-22 10:52:29.146: [INFO] CurrentProfilePath: D:\Apps\Utilities\Rune\bin\Debug\net8.0-windows\Rune.exe.WebView2\EBWebView\Default
2026-09-22 10:52:29.146: [INFO] Profiles total count: 1
2026-09-22 10:52:29.148: [INFO] Profile: name=Профіль 1 path=D:\Apps\Utilities\Rune\bin\Debug\net8.0-windows\Rune.exe.WebView2\EBWebView\Default lastActive=2026-09-22T10:45:44.942Z
2026-09-22 10:52:29.148: [INFO] LastUsedProfileDir: D:\Apps\Utilities\Rune\bin\Debug\net8.0-windows\Rune.exe.WebView2\EBWebView\Default
2026-09-22 10:52:29.149: [INFO] MostRecentlyActiveProfile: name=Профіль 1 path=D:\Apps\Utilities\Rune\bin\Debug\net8.0-windows\Rune.exe.WebView2\EBWebView\Default lastActive=2026-09-22T10:45:44.942Z
2026-09-22 10:52:29.149: [INFO] OnDoneLoading sync enabled: 0
2026-09-22 10:52:29.149: [INFO] BookmarkModelLoaded, ids_reassigned: 0
2026-09-22 10:52:29.149: [INFO] BookmarksLoadDropped droppedNodes=0
2026-09-22 10:52:29.149: [INFO] BookmarksSnapshot Startup total=0 bar=0 other=0 mobile=0 showBar=0 showBarNTP=1
2026-09-22 10:53:48.676: [INFO] BookmarksSnapshot Shutdown total=0 bar=0 other=0 mobile=0 showBar=0 showBarNTP=1
2026-09-22 10:55:30.278: [INFO] CurrentProfilePath: D:\Apps\Utilities\Rune\bin\Debug\net8.0-windows\Rune.exe.WebView2\EBWebView\Default
2026-09-22 10:55:30.278: [INFO] Profiles total count: 1
2026-09-22 10:55:30.278: [INFO] Profile: name=Профіль 1 path=D:\Apps\Utilities\Rune\bin\Debug\net8.0-windows\Rune.exe.WebView2\EBWebView\Default lastActive=2026-09-22T10:53:32.211Z
2026-09-22 10:55:30.278: [INFO] LastUsedProfileDir: D:\Apps\Utilities\Rune\bin\Debug\net8.0-windows\Rune.exe.WebView2\EBWebView\Default
2026-09-22 10:55:30.278: [INFO] MostRecentlyActiveProfile: name=Профіль 1 path=D:\Apps\Utilities\Rune\bin\Debug\net8.0-windows\Rune.exe.WebView2\EBWebView\Default lastActive=2026-09-22T10:53:32.211Z
2026-09-22 10:55:30.278: [INFO] OnDoneLoading sync enabled: 0
2026-09-22 10:55:30.278: [INFO] BookmarkModelLoaded, ids_reassigned: 0
2026-09-22 10:55:30.278: [INFO] BookmarksLoadDropped droppedNodes=0
2026-09-22 10:55:30.278: [INFO] BookmarksSnapshot Startup total=0 bar=0 other=0 mobile=0 showBar=0 showBarNTP=1
2026-09-22 11:05:51.373: [INFO] BookmarksSnapshot Shutdown total=0 bar=0 other=0 mobile=0 showBar=0 showBarNTP=1
2026-09-22 11:10:22.238: [INFO] CurrentProfilePath: D:\Apps\Utilities\Rune\bin\Debug\net8.0-windows\Rune.exe.WebView2\EBWebView\Default
2026-09-22 11:10:22.238: [INFO] Profiles total count: 1
2026-09-22 11:10:22.240: [INFO] Profile: name=Профіль 1 path=D:\Apps\Utilities\Rune\bin\Debug\net8.0-windows\Rune.exe.WebView2\EBWebView\Default lastActive=2026-09-22T10:57:28.261Z
2026-09-22 11:10:22.240: [INFO] LastUsedProfileDir: D:\Apps\Utilities\Rune\bin\Debug\net8.0-windows\Rune.exe.WebView2\EBWebView\Default
2026-09-22 11:10:22.240: [INFO] MostRecentlyActiveProfile: name=Профіль 1 path=D:\Apps\Utilities\Rune\bin\Debug\net8.0-windows\Rune.exe.WebView2\EBWebView\Default lastActive=2026-09-22T10:57:28.261Z
2026-09-22 11:10:22.240: [INFO] OnDoneLoading sync enabled: 0
2026-09-22 11:10:22.240: [INFO] BookmarkModelLoaded, ids_reassigned: 0
2026-09-22 11:10:22.240: [INFO] BookmarksLoadDropped droppedNodes=0
2026-09-22 11:10:22.240: [INFO] BookmarksSnapshot Startup total=0 bar=0 other=0 mobile=0 showBar=0 showBarNTP=1
2026-09-22 11:21:14.168: [INFO] BookmarksSnapshot Shutdown total=0 bar=0 other=0 mobile=0 showBar=0 showBarNTP=1
